[750recetas.desdeceroaexperto.com/index.html]
[backblue.gif]
[fade.gif]
[index.html]
[750recetas.desdeceroaexperto.com/wp-content/plugins/fliptimer-wp/fliptimer/fliptimeradc6.css]
[750recetas.desdeceroaexperto.com/wp-content/plugins/mailingboss/public/css/mailingboss-wp-plugin-public2889.css]
[750recetas.desdeceroaexperto.com/feed/index.html]
[750recetas.desdeceroaexperto.com/comments/feed/index.html]
[750recetas.desdeceroaexperto.com/wp-content/themes/generatepress/assets/css/main.min3d36.css]
[750recetas.desdeceroaexperto.com/wp-content/plugins/elementor/assets/lib/eicons/css/elementor-icons.mine94d.css]
[750recetas.desdeceroaexperto.com/wp-content/plugins/elementor/assets/css/frontend-lite.mindcff.css]
[750recetas.desdeceroaexperto.com/wp-content/plugins/elementor/assets/lib/swiper/v8/css/swiper.min94a4.css]
[750recetas.desdeceroaexperto.com/wp-content/uploads/elementor/css/post-50e2d.css]
[750recetas.desdeceroaexperto.com/wp-content/plugins/elementor-pro/assets/css/frontend-lite.min34a7.css]
[750recetas.desdeceroaexperto.com/wp-content/uploads/elementor/css/global2e3f.css]
[750recetas.desdeceroaexperto.com/wp-content/uploads/elementor/css/post-86d19.css]
[750recetas.desdeceroaexperto.com/wp-content/plugins/elementor/assets/lib/font-awesome/css/fontawesome.min52d5.css]
[750recetas.desdeceroaexperto.com/wp-content/plugins/elementor/assets/lib/font-awesome/css/brands.min52d5.css]
[750recetas.desdeceroaexperto.com/wp-content/plugins/elementor/assets/lib/font-awesome/css/solid.min52d5.css]
[750recetas.desdeceroaexperto.com/wp-includes/js/jquery/jquery.minf43b.js]
[750recetas.desdeceroaexperto.com/wp-includes/js/jquery/jquery-migrate.min5589.js]
[750recetas.desdeceroaexperto.com/wp-content/plugins/fliptimer-wp/fliptimer/jquery.fliptimeradc6.js]
[750recetas.desdeceroaexperto.com/wp-content/plugins/mailingboss/public/js/mailingboss-wp-plugin-public2889.js]
[750recetas.desdeceroaexperto.com/wp-content/plugins/pixelyoursite/dist/scripts/jquery.bind-first-0.2.3.minadc6.js]
[750recetas.desdeceroaexperto.com/wp-content/plugins/pixelyoursite/dist/scripts/js.cookie-2.1.3.min4c71.js]
[750recetas.desdeceroaexperto.com/wp-content/plugins/pixelyoursite/dist/scripts/publicc2dd.js]
[750recetas.desdeceroaexperto.com/wp-json/index.html]
[750recetas.desdeceroaexperto.com/wp-json/wp/v2/pages/8.json]
[750recetas.desdeceroaexperto.com/xmlrpc0db0.php]
[750recetas.desdeceroaexperto.com/wp-json/oembed/1.0/embed250d.json]
[750recetas.desdeceroaexperto.com/wp-json/oembed/1.0/embed23e3]
[images.converteai.net/16cff78a-13c4-4d7b-b438-bad254c0d45e/players/66889b081e59be000bfb7135/thumbnail.jpg]
[scripts.converteai.net/16cff78a-13c4-4d7b-b438-bad254c0d45e/players/66889b081e59be000bfb7135/player.js]
[750recetas.desdeceroaexperto.com/wp-content/uploads/2024/07/Apilado-750-ofi-843x1024-1.webp]
[750recetas.desdeceroaexperto.com/wp-content/uploads/2024/07/1-1-1024x1024-1.webp]
[750recetas.desdeceroaexperto.com/wp-content/uploads/2024/07/2-1-1024x1024-1.webp]
[750recetas.desdeceroaexperto.com/wp-content/uploads/2024/07/4-1-1024x1024-1.webp]
[750recetas.desdeceroaexperto.com/wp-content/uploads/2024/07/5-1024x1024-1.webp]
[750recetas.desdeceroaexperto.com/wp-content/uploads/2024/07/6-1024x1024-1.webp]
[750recetas.desdeceroaexperto.com/wp-content/uploads/2024/07/8-1024x1024-1.webp]
[750recetas.desdeceroaexperto.com/wp-content/uploads/2023/08/safaadao-e1691017372227.jpg]
[750recetas.desdeceroaexperto.com/wp-content/uploads/2023/08/images-1-e1691017531317.jpg]
[750recetas.desdeceroaexperto.com/wp-content/uploads/2023/08/76b2799fcd3c8b77e6e0e83a98af8657-e1691017936670.jpg]
[750recetas.desdeceroaexperto.com/wp-content/uploads/2023/08/depositphotos_102703948-stock-photo-senior-man-relaxing-in-park-e1691018249381.webp]
[750recetas.desdeceroaexperto.com/wp-content/uploads/2023/08/safadaoee-e1691018376630.jpg]
[750recetas.desdeceroaexperto.com/wp-content/uploads/2023/08/e420fb1240cb45b9ada085f0c55dfca9.jpg]
[750recetas.desdeceroaexperto.com/wp-content/uploads/2023/08/ogaaalqkf0q0uoxhbkrmu5dasugey6urdsnfb9s3cmemub4nseiuo0dc7fg7toirh2vehh1n5bhr7zqoawmihbhq9s0am1t1umhi_6-tudjvygvx22mdurcvezk5-e1691018842601.jpg]
[750recetas.desdeceroaexperto.com/wp-content/uploads/2023/08/images-2-e1691019035977.jpg]
[750recetas.desdeceroaexperto.com/wp-content/plugins/elementor/assets/css/widget-icon-list.min.css]
[750recetas.desdeceroaexperto.com/wp-content/uploads/2024/07/1714444984-980x711-1.webp]
[750recetas.desdeceroaexperto.com/wp-content/uploads/2024/07/1714445160-980x904-1.webp]
[750recetas.desdeceroaexperto.com/wp-content/uploads/2024/07/1714445252-980x665-1.webp]
[750recetas.desdeceroaexperto.com/wp-content/uploads/2024/07/CORREO-SOPORTE-LAS-24-HORAS-5-980x613-1.png]
[750recetas.desdeceroaexperto.com/wp-content/uploads/2024/07/1708998664-980x664-1.png]
[750recetas.desdeceroaexperto.com/wp-content/uploads/2024/07/1718593571-980x711-1.webp]
[750recetas.desdeceroaexperto.com/wp-content/uploads/2024/07/1718593681-980x904-1.webp]
[750recetas.desdeceroaexperto.com/wp-content/uploads/2024/07/1718593752-980x904-1.webp]
[750recetas.desdeceroaexperto.com/wp-content/uploads/2024/07/1718770197-980x797-1.webp]
[750recetas.desdeceroaexperto.com/wp-content/uploads/2024/07/1714583032-980x904-1.png]
[750recetas.desdeceroaexperto.com/wp-content/uploads/2023/07/7-dias-de-garantia.png]
[ajax.googleapis.com/ajax/libs/jquery/3.4.1/jquery.min.js]
[750recetas.desdeceroaexperto.com/wp-content/plugins/elementor/assets/lib/animations/animations.mindcff.css]
[750recetas.desdeceroaexperto.com/wp-content/themes/generatepress/assets/js/menu.min3d36.js]
[750recetas.desdeceroaexperto.com/wp-content/plugins/elementor-pro/assets/js/webpack-pro.runtime.min34a7.js]
[750recetas.desdeceroaexperto.com/wp-content/plugins/elementor/assets/js/webpack.runtime.mindcff.js]
[750recetas.desdeceroaexperto.com/wp-content/plugins/elementor/assets/js/frontend-modules.mindcff.js]
[750recetas.desdeceroaexperto.com/wp-includes/js/dist/vendor/wp-polyfill-inert.min0226.js]
[750recetas.desdeceroaexperto.com/wp-includes/js/dist/vendor/regenerator-runtime.min6c85.js]
[750recetas.desdeceroaexperto.com/wp-includes/js/dist/vendor/wp-polyfill.min2c7c.js]
[750recetas.desdeceroaexperto.com/wp-includes/js/dist/hooks.min2757.js]
[750recetas.desdeceroaexperto.com/wp-includes/js/dist/i18n.minc33c.js]
[750recetas.desdeceroaexperto.com/wp-content/plugins/elementor-pro/assets/js/frontend.min34a7.js]
[750recetas.desdeceroaexperto.com/wp-content/plugins/elementor/assets/lib/waypoints/waypoints.min05da.js]
[750recetas.desdeceroaexperto.com/wp-includes/js/jquery/ui/core.min3f14.js]
[750recetas.desdeceroaexperto.com/wp-content/plugins/elementor/assets/js/frontend.mindcff.js]
[750recetas.desdeceroaexperto.com/wp-content/plugins/elementor-pro/assets/js/elements-handlers.min34a7.js]
[750recetas.desdeceroaexperto.com/index.html]
[750recetas.desdeceroaexperto.com/wp-content/plugins/fliptimer-wp/fliptimer/fliptimeradc6.css]
[750recetas.desdeceroaexperto.com/wp-content/plugins/mailingboss/public/css/mailingboss-wp-plugin-public2889.css]
[750recetas.desdeceroaexperto.com/wp-content/themes/generatepress/assets/css/main.min3d36.css]
[750recetas.desdeceroaexperto.com/wp-content/plugins/elementor/assets/lib/eicons/fonts/eiconsc63f.eot]
[750recetas.desdeceroaexperto.com/wp-content/plugins/elementor/assets/lib/eicons/fonts/eiconsc63f.woff2]
[750recetas.desdeceroaexperto.com/wp-content/plugins/elementor/assets/lib/eicons/fonts/eiconsc63f.woff]
[750recetas.desdeceroaexperto.com/wp-content/plugins/elementor/assets/lib/eicons/fonts/eiconsc63f.ttf]
[750recetas.desdeceroaexperto.com/wp-content/plugins/elementor/assets/lib/eicons/css/elementor-icons.mine94d.css]
[750recetas.desdeceroaexperto.com/wp-content/plugins/elementor/assets/css/frontend-lite.mindcff.css]
[750recetas.desdeceroaexperto.com/wp-content/plugins/elementor/assets/lib/swiper/v8/css/swiper.min94a4.css]
[750recetas.desdeceroaexperto.com/wp-content/uploads/elementor/css/post-50e2d.css]
[750recetas.desdeceroaexperto.com/wp-content/plugins/elementor-pro/assets/css/frontend-lite.min34a7.css]
[750recetas.desdeceroaexperto.com/wp-content/uploads/elementor/css/global2e3f.css]
[750recetas.desdeceroaexperto.com/wp-content/plugins/elementor/assets/lib/eicons/fonts/eiconsc63f.svg]
[750recetas.desdeceroaexperto.com/wp-content/uploads/elementor/css/post-86d19.css]
[750recetas.desdeceroaexperto.com/wp-content/plugins/elementor/assets/lib/font-awesome/css/fontawesome.min52d5.css]
[750recetas.desdeceroaexperto.com/wp-content/plugins/elementor/assets/lib/font-awesome/webfonts/fa-brands-400.eot]
[750recetas.desdeceroaexperto.com/wp-content/plugins/elementor/assets/lib/font-awesome/webfonts/fa-brands-400d41d.eot]
[750recetas.desdeceroaexperto.com/wp-content/plugins/elementor/assets/lib/font-awesome/webfonts/fa-brands-400.woff2]
[750recetas.desdeceroaexperto.com/wp-content/plugins/elementor/assets/lib/font-awesome/webfonts/fa-brands-400.woff]
[750recetas.desdeceroaexperto.com/wp-content/plugins/elementor/assets/lib/font-awesome/webfonts/fa-brands-400.ttf]
[750recetas.desdeceroaexperto.com/wp-content/plugins/elementor/assets/lib/font-awesome/css/brands.min52d5.css]
[750recetas.desdeceroaexperto.com/wp-content/plugins/elementor/assets/lib/font-awesome/webfonts/fa-brands-400.svg]
[750recetas.desdeceroaexperto.com/wp-content/plugins/elementor/assets/lib/font-awesome/webfonts/fa-solid-900.eot]
[750recetas.desdeceroaexperto.com/wp-content/plugins/elementor/assets/lib/font-awesome/webfonts/fa-solid-900d41d.eot]
[750recetas.desdeceroaexperto.com/wp-content/plugins/elementor/assets/lib/font-awesome/webfonts/fa-solid-900.woff2]
[750recetas.desdeceroaexperto.com/wp-content/plugins/elementor/assets/lib/font-awesome/webfonts/fa-solid-900.woff]
[750recetas.desdeceroaexperto.com/wp-content/plugins/elementor/assets/lib/font-awesome/webfonts/fa-solid-900.ttf]
[750recetas.desdeceroaexperto.com/wp-content/plugins/elementor/assets/lib/font-awesome/css/solid.min52d5.css]
[750recetas.desdeceroaexperto.com/wp-content/plugins/elementor/assets/css/widget-icon-list.min.css]
[750recetas.desdeceroaexperto.com/wp-content/plugins/elementor/assets/lib/animations/animations.mindcff.css]
[750recetas.desdeceroaexperto.com/wp-content/plugins/elementor/assets/lib/eicons/fonts/eiconsc63f.svg]
[liberagencia.com/wp-content/plugins/elementor/assets/images/placeholder.html]
[750recetas.desdeceroaexperto.com/wp-content/plugins/elementor/assets/lib/font-awesome/webfonts/fa-brands-400.svg]
[750recetas.desdeceroaexperto.com/wp-content/plugins/elementor/assets/lib/font-awesome/webfonts/fa-solid-900.svg]
[750recetas.desdeceroaexperto.com/wp-content/plugins/elementor/assets/lib/font-awesome/webfonts/fa-solid-900.svg]
